Checking for errors at Wed Mar 11 13:49:04 UTC 2026
error: database failed
error: timeout occurred
---------------------
Checking for errors at Wed Mar 11 14:03:05 UTC 2026
error: database failed
error: timeout occurred
---------------------
Checking for errors at Wed Mar 11 14:12:01 UTC 2026
error: database failed
error: timeout occurred
---------------------
Checking for errors at Wed Mar 11 14:13:01 UTC 2026
error: database failed
error: timeout occurred
---------------------
Checking for errors at Wed Mar 11 14:14:01 UTC 2026
error: database failed
error: timeout occurred
---------------------
Checking for errors at Wed Mar 11 14:15:01 UTC 2026
error: database failed
error: timeout occurred
---------------------
Checking for errors at Wed Mar 11 14:17:43 UTC 2026
error: database failed
error: timeout occurred
---------------------
Checking for errors at Wed Mar 11 14:17:43 UTC 2026
error: database failed
error: timeout occurred
---------------------
Checking for errors at Wed Mar 11 14:18:01 UTC 2026
error: database failed
error: timeout occurred
---------------------
Checking for errors at Wed Mar 11 14:19:01 UTC 2026
error: database failed
error: timeout occurred
---------------------
Checking for errors at Wed Mar 11 14:20:01 UTC 2026
error: database failed
error: timeout occurred
---------------------
Checking for errors at Wed Mar 11 14:21:01 UTC 2026
error: database failed
error: timeout occurred
---------------------
Checking for errors at Wed Mar 11 14:22:01 UTC 2026
error: database failed
error: timeout occurred
---------------------
Checking for errors at Wed Mar 11 14:23:01 UTC 2026
error: database failed
error: timeout occurred
---------------------
Checking for errors at Wed Mar 11 14:24:01 UTC 2026
error: database failed
error: timeout occurred
---------------------
Checking for errors at Wed Mar 11 14:25:01 UTC 2026
error: database failed
error: timeout occurred
---------------------
Checking for errors at Wed Mar 11 14:26:01 UTC 2026
error: database failed
error: timeout occurred
---------------------
Checking for errors at Wed Mar 11 14:27:02 UTC 2026
error: database failed
error: timeout occurred
---------------------
Checking for errors at Wed Mar 11 14:28:01 UTC 2026
error: database failed
error: timeout occurred
---------------------
Checking for errors at Wed Mar 11 14:29:01 UTC 2026
error: database failed
error: timeout occurred
---------------------
Checking for errors at Wed Mar 11 14:30:01 UTC 2026
Checking for errors at Wed Mar 11 14:30:56 UTC 2026
Checking for errors at Wed Mar 11 14:31:01 UTC 2026
Checking for errors at Wed Mar 11 14:32:01 UTC 2026
Checking for errors at Wed Mar 11 14:33:01 UTC 2026
Checking for errors at Wed Mar 11 14:34:01 UTC 2026
Checking for errors at Wed Mar 11 14:35:01 UTC 2026
Checking for errors at Wed Mar 11 14:36:01 UTC 2026
Checking for errors at Wed Mar 11 14:37:01 UTC 2026
Checking for errors at Wed Mar 11 14:38:01 UTC 2026
Checking for errors at Wed Mar 11 14:39:01 UTC 2026
Checking for errors at Wed Mar 11 14:40:01 UTC 2026
Checking for errors at Wed Mar 11 14:41:01 UTC 2026
Checking for errors at Wed Mar 11 14:42:01 UTC 2026
Checking for errors at Wed Mar 11 14:43:01 UTC 2026
Checking for errors at Wed Mar 11 14:44:01 UTC 2026
Checking for errors at Wed Mar 11 14:45:01 UTC 2026
Checking for errors at Wed Mar 11 14:46:01 UTC 2026
Checking for errors at Wed Mar 11 14:47:01 UTC 2026
Checking for errors at Wed Mar 11 14:48:01 UTC 2026
Checking for errors at Wed Mar 11 14:49:01 UTC 2026
Checking for errors at Wed Mar 11 14:50:01 UTC 2026
